../Src/animations.c:32:6:shuffle	32	static
../Src/animations.c:44:6:neopixel_off	8	static
../Src/animations.c:54:6:set_pixel_color	24	static
../Src/animations.c:62:6:led_animation_handler	48	static
../Src/animations.c:104:6:led_animation_init	24	static
../Src/animations.c:118:6:led_start_animation	40	static
../Src/animations.c:128:6:anime_init	16	static
../Src/animations.c:135:6:redraw_bg	16	static
../Src/animations.c:141:6:change_bg	24	static
../Src/animations.c:154:6:error_animation	40	static
../Src/animations.c:178:6:profile_quickswitch_animation	16	static
../Src/animations.c:185:6:keydown_anime_start	16	static
../Src/animations.c:190:6:keydown_anime_end	16	static
../Src/animations.c:195:6:key_led_shutdown	24	static
../Src/animations.c:204:6:all_led_off	16	static
