../Drivers/CMSIS/Include/core_cm0.h:856:34:__NVIC_SystemReset	8	static,ignoring_inline_asm
../Src/my_tasks.c:28:6:oled_full_brightness	8	static
../Src/my_tasks.c:34:6:draw_brightness_value	8	static
../Src/my_tasks.c:43:6:service_all	16	static
../Src/my_tasks.c:49:6:set_brightness	8	static
../Src/my_tasks.c:58:6:change_brightness	16	static
../Src/my_tasks.c:102:6:profile_quickswitch	24	static
../Src/my_tasks.c:148:6:handle_tactile_button_press	16	static
../Src/my_tasks.c:189:6:scan_keymaps	16	static
../Src/my_tasks.c:235:9:load_keymap_by_name	32	static
../Src/my_tasks.c:305:9:load_keymap_by_index	16	static
../Src/my_tasks.c:316:6:clean_keymap_name	32	static
../Src/my_tasks.c:322:6:print_keymap	24	static
../Src/my_tasks.c:359:9:validate_keymap	16	static
../Src/my_tasks.c:373:6:print_no_keymap_error	8	static
../Src/my_tasks.c:390:6:keymap_config	16	static
../Src/my_tasks.c:515:9:check_resume	16	static
../Src/my_tasks.c:526:9:delete_node	80	static
../Src/my_tasks.c:568:6:handle_hid_command	32	static
../Src/my_tasks.c:978:6:keypress_task_start	24	static
../Src/my_tasks.c:1065:6:start_sleeping	8	static
../Src/my_tasks.c:1074:6:animation_task_start	24	static
