../Src/parser.c:160:9:make_fuzz	16	static
../Src/parser.c:167:6:delay_wrapper	24	static
../Src/parser.c:174:7:goto_next_arg	24	static
../Src/parser.c:188:7:find_profile	24	static
../Src/parser.c:215:6:assign_colors	32	static
../Src/parser.c:227:9:is_sw_color_line	16	static
../Src/parser.c:238:9:load_colors	72	static
../Src/parser.c:356:6:list_profiles	32	static
../Src/parser.c:374:9:how_many_digits	16	static
../Src/parser.c:384:6:scan_profiles	24	static
../Src/parser.c:421:6:strip_newline	24	static
../Src/parser.c:428:9:get_keynames	40	static
../Src/parser.c:476:6:load_profile	24	static
../Src/parser.c:490:6:print_keyname	32	static
../Src/parser.c:510:6:print_legend	40	static
../Src/parser.c:532:6:save_last_profile	48	static
../Src/parser.c:543:9:get_last_profile	16	static
../Src/parser.c:561:6:save_settings	24	static
../Src/parser.c:572:6:load_settings	16	static
../Src/parser.c:602:6:reset_hold_cache	16	static
../Src/parser.c:613:6:restore_profile	24	static
../Src/parser.c:627:6:change_profile	24	static
../Src/parser.c:661:6:parse_special_key	32	static
../Src/parser.c:1046:6:parse_combo	80	static
../Src/parser.c:1153:9:get_arg	16	static
../Src/parser.c:1158:9:is_empty_line	24	static
../Src/parser.c:1166:9:parse_hold	48	static
../Src/parser.c:1207:9:parse_line	56	static
../Src/parser.c:1342:6:keypress_wrap	40	static
../Src/parser.c:1437:6:dpc_init	16	static
../Src/parser.c:1443:6:handle_keypress	24	static
