../Src/usbd_desc.c:77:10:get_uuid	8	static
../Src/usbd_desc.c:82:7:make_serial_string	8	static
../Src/usbd_desc.c:236:11:USBD_FS_DeviceDescriptor	16	static
../Src/usbd_desc.c:249:11:USBD_FS_LangIDStrDescriptor	16	static
../Src/usbd_desc.c:262:11:USBD_FS_ProductStrDescriptor	16	static
../Src/usbd_desc.c:281:11:USBD_FS_ManufacturerStrDescriptor	16	static
../Src/usbd_desc.c:294:11:USBD_FS_SerialStrDescriptor	16	static
../Src/usbd_desc.c:314:11:USBD_FS_ConfigStrDescriptor	16	static
../Src/usbd_desc.c:333:11:USBD_FS_InterfaceStrDescriptor	16	static
../Src/usbd_desc.c:351:13:Get_SerialNum	24	static
../Src/usbd_desc.c:377:13:IntToUnicode	32	static
